2025-12-30 18:22:18 Start execution of initiators.initiators
2025-12-30 18:22:27 Execution of initiators.initiators terminated
2025-12-30 18:22:27 Start execution of initiators.dbs
2025-12-30 18:22:31 Execution of initiators.dbs terminated
2025-12-30 18:22:31 Start execution of initiators.categories
2025-12-30 18:22:33 Execution of initiators.categories terminated
2025-12-30 18:22:33 Start execution of initiators.langs
2025-12-30 18:22:35 Execution of initiators.langs terminated
2026-01-15 14:51:45 Start execution of initiators.initiators
2026-01-15 14:51:50 Execution of initiators.initiators terminated
2026-01-15 14:51:50 Start execution of initiators.dbs
2026-01-15 14:51:54 Execution of initiators.dbs terminated
2026-01-15 14:51:54 Start execution of initiators.categories
2026-01-15 14:51:56 Execution of initiators.categories terminated
2026-01-15 14:51:56 Start execution of initiators.langs
2026-01-15 14:51:58 Execution of initiators.langs terminated
2026-01-15 16:04:44 Start execution of initiators.initiators
2026-01-15 16:05:05 Execution of initiators.initiators terminated
2026-01-15 16:05:05 Start execution of initiators.dbs
2026-01-15 16:05:09 Execution of initiators.dbs terminated
2026-01-15 16:05:09 Start execution of initiators.categories
2026-01-15 16:05:11 Execution of initiators.categories terminated
2026-01-15 16:05:11 Start execution of initiators.langs
2026-01-15 16:05:12 Execution of initiators.langs terminated
2026-01-15 17:20:55 Start execution of initiators.initiators
2026-01-15 17:20:56 Error ('2BP01', '[2BP01] ERROR: "questions" is referenced by foreign key from table "choices";\nError while executing the query (1) (SQLExecDirectW)') in initiators.initiators
2026-01-15 17:20:56 Execution of initiators.initiators terminated
2026-01-15 17:20:56 Start execution of initiators.dbs
2026-01-15 17:21:00 Execution of initiators.dbs terminated
2026-01-15 17:21:00 Start execution of initiators.categories
2026-01-15 17:21:03 Execution of initiators.categories terminated
2026-01-15 17:21:03 Start execution of initiators.langs
2026-01-15 17:21:05 Execution of initiators.langs terminated
2026-01-15 17:24:53 Start execution of initiators.initiators
2026-01-15 17:25:08 Execution of initiators.initiators terminated
2026-01-15 17:25:08 Start execution of initiators.dbs
2026-01-15 17:25:13 Execution of initiators.dbs terminated
2026-01-15 17:25:13 Start execution of initiators.categories
2026-01-15 17:25:15 Execution of initiators.categories terminated
2026-01-15 17:25:15 Start execution of initiators.langs
2026-01-15 17:25:17 Execution of initiators.langs terminated
